// Jest Snapshot v1, https://goo.gl/fbAQLP

exports[`WithProgressBar should render correctly 1`] = `
<div
  className="progress__container"
  onScroll={[Function]}
>
  <div
    className="progress__bar"
  >
    <span
      data-test-id="progress_bar"
      style={
        Object {
          "width": "50%",
        }
      }
    />
  </div>
  <NoopComponent />
</div>
`;
